
> vite-project@0.0.0 test
> vitest notification.test.ts --run


[1m[46m RUN [49m[22m [36mv4.0.18 [39m[90mF:/tes 9/sistem-praktikum-pwa[39m

[90mstdout[2m | src/__tests__unit/lib/api/notification.test.ts[2m > [22m[2mNotification API - HIGH PRIORITY Helpers[2m > [22m[2mshould notify all target roles about announcement
[22m[39m🔔 [ANNOUNCEMENT] Starting notification process...
🔔 [ANNOUNCEMENT] Target roles: [ [32m'dosen'[39m, [32m'mahasiswa'[39m ]
🔔 [ANNOUNCEMENT] Judul: Test Announcement

[90mstdout[2m | src/__tests__unit/lib/api/notification.test.ts[2m > [22m[2mNotification API - HIGH PRIORITY Helpers[2m > [22m[2mshould notify all target roles about announcement
[22m[39m⚠️ [ANNOUNCEMENT] No users found for target roles: [ [32m'dosen'[39m, [32m'mahasiswa'[39m ]

[90mstdout[2m | src/__tests__unit/lib/api/notification.test.ts[2m > [22m[2mNotification API - HIGH PRIORITY Helpers[2m > [22m[2mshould handle no users gracefully
[22m[39m🔔 [ANNOUNCEMENT] Starting notification process...
🔔 [ANNOUNCEMENT] Target roles: [ [32m'dosen'[39m ]
🔔 [ANNOUNCEMENT] Judul: Test

[90mstdout[2m | src/__tests__unit/lib/api/notification.test.ts[2m > [22m[2mNotification API - HIGH PRIORITY Helpers[2m > [22m[2mshould handle no users gracefully
[22m[39m⚠️ [ANNOUNCEMENT] No users found for target roles: [ [32m'dosen'[39m ]

 [31m❯[39m src/__tests__unit/lib/api/notification.test.ts [2m([22m[2m21 tests[22m[2m | [22m[31m2 failed[39m[2m)[22m[32m 59[2mms[22m[39m
       [32m✓[39m should create notification successfully[32m 5[2mms[22m[39m
       [32m✓[39m should handle errors gracefully and return null[32m 11[2mms[22m[39m
[31m       [31m×[31m should get notifications for user[39m[32m 9[2mms[22m[39m
       [32m✓[39m should filter by notification type[32m 1[2mms[22m[39m
       [32m✓[39m should limit results[32m 1[2mms[22m[39m
[31m       [31m×[31m should return unread count[39m[32m 5[2mms[22m[39m
       [32m✓[39m should mark notification as read[32m 1[2mms[22m[39m
       [32m✓[39m should mark all user notifications as read[32m 1[2mms[22m[39m
       [32m✓[39m should delete all read notifications[32m 1[2mms[22m[39m
     [32m✓[39m should notify laboran about new borrowing request[32m 4[2mms[22m[39m
     [32m✓[39m should notify dosen when peminjaman approved[32m 1[2mms[22m[39m
     [32m✓[39m should notify dosen when peminjaman rejected[32m 1[2mms[22m[39m
     [32m✓[39m should notify dosen when admin creates jadwal[32m 1[2mms[22m[39m
     [32m✓[39m should notify mahasiswa about jadwal change[32m 1[2mms[22m[39m
     [32m✓[39m should notify mahasiswa when kuis published[32m 1[2mms[22m[39m
     [32m✓[39m should notify dosen when logbook submitted[32m 1[2mms[22m[39m
     [32m✓[39m should notify mahasiswa when logbook approved[32m 1[2mms[22m[39m
     [32m✓[39m should notify mahasiswa when logbook rejected[32m 1[2mms[22m[39m
     [32m✓[39m should notify mahasiswa when revision requested[32m 1[2mms[22m[39m
     [32m✓[39m should notify all target roles about announcement[32m 3[2mms[22m[39m
     [32m✓[39m should handle no users gracefully[32m 3[2mms[22m[39m
 [32m✓[39m src/__tests__/unit/hooks/useNotification.test.ts [2m([22m[2m27 tests[22m[2m)[22m[32m 86[2mms[22m[39m

[2m Test Files [22m [1m[31m1 failed[39m[22m[2m | [22m[1m[32m1 passed[39m[22m[90m (2)[39m
[2m      Tests [22m [1m[31m2 failed[39m[22m[2m | [22m[1m[32m46 passed[39m[22m[90m (48)[39m
[2m   Start at [22m 16:03:30
[2m   Duration [22m 4.40s[2m (transform 1.21s, setup 1.83s, import 1.38s, tests 145ms, environment 4.25s)[22m

